###############################################################################
#
# IAR ELF Linker V9.20.4.327/W64 for ARM                  03/Mar/2025  13:27:38
# Copyright 2007-2022 IAR Systems AB.
#
#    Output file  =
#        C:\Users\NivethaNagarajan\Documents\GitHub\led\EWARM\led\Exe\led.out
#    Map file     =
#        C:\Users\NivethaNagarajan\Documents\GitHub\led\EWARM\led\List\led.map
#    Command line =
#        -f
#        C:\Users\NivethaNagarajan\Documents\GitHub\led\EWARM\led\Exe\led.out.rsp
#        (C:\Users\NivethaNagarajan\Documents\GitHub\led\EWARM\led\Obj\Application\User\Core\main.o
#        C:\Users\NivethaNagarajan\Documents\GitHub\led\EWARM\led\Obj\Application\EWARM\startup_stm32f407xx.o
#        C:\Users\NivethaNagarajan\Documents\GitHub\led\EWARM\led\Obj\Drivers\STM32F4xx_HAL_Driver\stm32f4xx_hal.o
#        C:\Users\NivethaNagarajan\Documents\GitHub\led\EWARM\led\Obj\Drivers\STM32F4xx_HAL_Driver\stm32f4xx_hal_cortex.o
#        C:\Users\NivethaNagarajan\Documents\GitHub\led\EWARM\led\Obj\Drivers\STM32F4xx_HAL_Driver\stm32f4xx_hal_dma.o
#        C:\Users\NivethaNagarajan\Documents\GitHub\led\EWARM\led\Obj\Drivers\STM32F4xx_HAL_Driver\stm32f4xx_hal_dma_ex.o
#        C:\Users\NivethaNagarajan\Documents\GitHub\led\EWARM\led\Obj\Drivers\STM32F4xx_HAL_Driver\stm32f4xx_hal_exti.o
#        C:\Users\NivethaNagarajan\Documents\GitHub\led\EWARM\led\Obj\Drivers\STM32F4xx_HAL_Driver\stm32f4xx_hal_flash.o
#        C:\Users\NivethaNagarajan\Documents\GitHub\led\EWARM\led\Obj\Drivers\STM32F4xx_HAL_Driver\stm32f4xx_hal_flash_ex.o
#        C:\Users\NivethaNagarajan\Documents\GitHub\led\EWARM\led\Obj\Drivers\STM32F4xx_HAL_Driver\stm32f4xx_hal_flash_ramfunc.o
#        C:\Users\NivethaNagarajan\Documents\GitHub\led\EWARM\led\Obj\Drivers\STM32F4xx_HAL_Driver\stm32f4xx_hal_gpio.o
#        C:\Users\NivethaNagarajan\Documents\GitHub\led\EWARM\led\Obj\Application\User\Core\stm32f4xx_hal_msp.o
#        C:\Users\NivethaNagarajan\Documents\GitHub\led\EWARM\led\Obj\Drivers\STM32F4xx_HAL_Driver\stm32f4xx_hal_pwr.o
#        C:\Users\NivethaNagarajan\Documents\GitHub\led\EWARM\led\Obj\Drivers\STM32F4xx_HAL_Driver\stm32f4xx_hal_pwr_ex.o
#        C:\Users\NivethaNagarajan\Documents\GitHub\led\EWARM\led\Obj\Drivers\STM32F4xx_HAL_Driver\stm32f4xx_hal_rcc.o
#        C:\Users\NivethaNagarajan\Documents\GitHub\led\EWARM\led\Obj\Drivers\STM32F4xx_HAL_Driver\stm32f4xx_hal_rcc_ex.o
#        C:\Users\NivethaNagarajan\Documents\GitHub\led\EWARM\led\Obj\Application\User\Core\stm32f4xx_it.o
#        C:\Users\NivethaNagarajan\Documents\GitHub\led\EWARM\led\Obj\Drivers\CMSIS\system_stm32f4xx.o
#        --no_out_extension -o
#        C:\Users\NivethaNagarajan\Documents\GitHub\led\EWARM\led\Exe\led.out
#        --redirect _Printf=_PrintfFullNoMb --redirect _Scanf=_ScanfFullNoMb
#        --map
#        C:\Users\NivethaNagarajan\Documents\GitHub\led\EWARM\led\List\led.map
#        --config
#        C:\Users\NivethaNagarajan\Documents\GitHub\led\EWARM/stm32f407xx_flash.icf
#        --semihosting --entry __iar_program_start --vfe --text_out locale)
#
###############################################################################

*******************************************************************************
*** RUNTIME MODEL ATTRIBUTES
***

CppFlavor       = *
__CPP_Runtime   = 1
__SystemLibrary = DLib
__dlib_version  = 6


*******************************************************************************
*** HEAP SELECTION
***

The basic heap was selected because no calls to memory allocation
functions were found in the application outside of system library
functions, and there are calls to deallocation functions in the
application.


*******************************************************************************
*** PLACEMENT SUMMARY
***

"A0":  place at address 0x800'0000 { ro section .intvec };
"P1":  place in [from 0x800'0000 to 0x80f'ffff] { ro };
define block CSTACK with size = 1K, alignment = 8 { };
define block HEAP with size = 512, alignment = 8 { };
"P2":  place in [from 0x2000'0000 to 0x2001'ffff] {
          rw, block CSTACK, block HEAP };
initialize by copy { rw };

  Section            Kind         Address   Size  Object
  -------            ----         -------   ----  ------
"A0":                                      0x188
  .intvec            ro code   0x800'0000  0x188  startup_stm32f407xx.o [1]
                             - 0x800'0188  0x188

"P1":                                      0xd5c
  .text              ro code   0x800'0188  0x31c  stm32f4xx_hal_rcc.o [4]
  .text              ro code   0x800'04a4    0xc  stm32f4xx_hal.o [4]
  .text              ro code   0x800'04b0  0x21c  stm32f4xx_hal_gpio.o [4]
  .text              ro code   0x800'06cc  0x120  stm32f4xx_hal_rcc.o [4]
  .text              ro code   0x800'07ec   0x60  stm32f4xx_hal_rcc.o [4]
  .text              ro code   0x800'084c   0x40  stm32f4xx_hal.o [4]
  .text              ro code   0x800'088c  0x106  I64DivMod_small.o [7]
  .text              ro code   0x800'0992   0x2a  copy_init3.o [7]
  .text              ro code   0x800'09bc   0xac  stm32f4xx_hal_cortex.o [4]
  .text              ro code   0x800'0a68    0x2  I64DivZer.o [7]
  .text              ro code   0x800'0a6c   0xfa  main.o [2]
  .text              ro code   0x800'0b68   0x34  stm32f4xx_hal.o [4]
  .text              ro code   0x800'0b9c   0x28  stm32f4xx_hal.o [4]
  .text              ro code   0x800'0bc4   0x14  memset.o [7]
  .text              ro code   0x800'0bd8   0x38  stm32f4xx_hal_msp.o [2]
  .text              ro code   0x800'0c10   0x66  ABImemset.o [7]
  .text              ro code   0x800'0c78   0x28  data_init.o [7]
  .text              ro code   0x800'0ca0   0x22  fpinit_M.o [6]
  .iar.init_table    const     0x800'0cc4   0x14  - Linker created -
  .text              ro code   0x800'0cd8   0x20  system_stm32f4xx.o [3]
  .text              ro code   0x800'0cf8   0x1e  cmain.o [7]
  .text              ro code   0x800'0d16    0x4  low_level_init.o [5]
  .text              ro code   0x800'0d1a    0x4  exit.o [5]
  .text              ro code   0x800'0d20    0xa  cexit.o [7]
  .text              ro code   0x800'0d2c   0x14  exit.o [8]
  .text              ro code   0x800'0d40   0x1c  cstartup_M.o [7]
  .text              ro code   0x800'0d5c   0x14  stm32f4xx_it.o [2]
  .text              ro code   0x800'0d70   0x10  stm32f4xx_hal.o [4]
  .text              ro code   0x800'0d80   0x10  startup_stm32f407xx.o [1]
  Initializer bytes  const     0x800'0d90   0x10  <for P2-1>
  .text              ro code   0x800'0da0    0x4  startup_stm32f407xx.o [1]
  .text              ro code   0x800'0da4    0x4  startup_stm32f407xx.o [1]
  .text              ro code   0x800'0da8    0x4  startup_stm32f407xx.o [1]
  .text              ro code   0x800'0dac    0x4  startup_stm32f407xx.o [1]
  .text              ro code   0x800'0db0    0x4  startup_stm32f407xx.o [1]
  .text              ro code   0x800'0db4    0x4  startup_stm32f407xx.o [1]
  .text              ro code   0x800'0db8    0x4  startup_stm32f407xx.o [1]
  .text              ro code   0x800'0dbc    0x4  startup_stm32f407xx.o [1]
  .text              ro code   0x800'0dc0    0x4  startup_stm32f407xx.o [1]
  .text              ro code   0x800'0dc4    0x4  startup_stm32f407xx.o [1]
  .text              ro code   0x800'0dc8    0x4  startup_stm32f407xx.o [1]
  .text              ro code   0x800'0dcc    0x4  startup_stm32f407xx.o [1]
  .text              ro code   0x800'0dd0    0x4  startup_stm32f407xx.o [1]
  .text              ro code   0x800'0dd4    0x4  startup_stm32f407xx.o [1]
  .text              ro code   0x800'0dd8    0x4  startup_stm32f407xx.o [1]
  .text              ro code   0x800'0ddc    0x4  startup_stm32f407xx.o [1]
  .text              ro code   0x800'0de0    0x4  startup_stm32f407xx.o [1]
  .text              ro code   0x800'0de4    0x4  startup_stm32f407xx.o [1]
  .text              ro code   0x800'0de8    0x4  startup_stm32f407xx.o [1]
  .text              ro code   0x800'0dec    0x4  startup_stm32f407xx.o [1]
  .text              ro code   0x800'0df0    0x4  startup_stm32f407xx.o [1]
  .text              ro code   0x800'0df4    0x4  startup_stm32f407xx.o [1]
  .text              ro code   0x800'0df8    0x4  startup_stm32f407xx.o [1]
  .text              ro code   0x800'0dfc    0x4  startup_stm32f407xx.o [1]
  .text              ro code   0x800'0e00    0x4  startup_stm32f407xx.o [1]
  .text              ro code   0x800'0e04    0x4  startup_stm32f407xx.o [1]
  .text              ro code   0x800'0e08    0x4  startup_stm32f407xx.o [1]
  .text              ro code   0x800'0e0c    0x4  startup_stm32f407xx.o [1]
  .text              ro code   0x800'0e10    0x4  startup_stm32f407xx.o [1]
  .text              ro code   0x800'0e14    0x4  startup_stm32f407xx.o [1]
  .text              ro code   0x800'0e18    0x4  startup_stm32f407xx.o [1]
  .text              ro code   0x800'0e1c    0x4  startup_stm32f407xx.o [1]
  .text              ro code   0x800'0e20    0x4  startup_stm32f407xx.o [1]
  .text              ro code   0x800'0e24    0x4  startup_stm32f407xx.o [1]
  .text              ro code   0x800'0e28    0x4  startup_stm32f407xx.o [1]
  .text              ro code   0x800'0e2c    0x4  startup_stm32f407xx.o [1]
  .text              ro code   0x800'0e30    0x4  startup_stm32f407xx.o [1]
  .text              ro code   0x800'0e34    0x4  startup_stm32f407xx.o [1]
  .text              ro code   0x800'0e38    0x4  startup_stm32f407xx.o [1]
  .text              ro code   0x800'0e3c    0x4  startup_stm32f407xx.o [1]
  .text              ro code   0x800'0e40    0x4  startup_stm32f407xx.o [1]
  .text              ro code   0x800'0e44    0x4  startup_stm32f407xx.o [1]
  .text              ro code   0x800'0e48    0x4  startup_stm32f407xx.o [1]
  .text              ro code   0x800'0e4c    0x4  startup_stm32f407xx.o [1]
  .text              ro code   0x800'0e50    0x4  startup_stm32f407xx.o [1]
  .text              ro code   0x800'0e54    0x4  startup_stm32f407xx.o [1]
  .text              ro code   0x800'0e58    0x4  startup_stm32f407xx.o [1]
  .text              ro code   0x800'0e5c    0x4  startup_stm32f407xx.o [1]
  .text              ro code   0x800'0e60    0x4  startup_stm32f407xx.o [1]
  .text              ro code   0x800'0e64    0x4  startup_stm32f407xx.o [1]
  .text              ro code   0x800'0e68    0x4  startup_stm32f407xx.o [1]
  .text              ro code   0x800'0e6c    0x4  startup_stm32f407xx.o [1]
  .text              ro code   0x800'0e70    0x4  startup_stm32f407xx.o [1]
  .text              ro code   0x800'0e74    0x4  startup_stm32f407xx.o [1]
  .text              ro code   0x800'0e78    0x4  startup_stm32f407xx.o [1]
  .text              ro code   0x800'0e7c    0x4  startup_stm32f407xx.o [1]
  .text              ro code   0x800'0e80    0x4  startup_stm32f407xx.o [1]
  .text              ro code   0x800'0e84    0x4  startup_stm32f407xx.o [1]
  .text              ro code   0x800'0e88    0x4  startup_stm32f407xx.o [1]
  .text              ro code   0x800'0e8c    0x4  startup_stm32f407xx.o [1]
  .text              ro code   0x800'0e90    0x4  startup_stm32f407xx.o [1]
  .text              ro code   0x800'0e94    0x4  startup_stm32f407xx.o [1]
  .text              ro code   0x800'0e98    0x4  startup_stm32f407xx.o [1]
  .text              ro code   0x800'0e9c    0x4  startup_stm32f407xx.o [1]
  .text              ro code   0x800'0ea0    0x4  startup_stm32f407xx.o [1]
  .text              ro code   0x800'0ea4    0x4  startup_stm32f407xx.o [1]
  .text              ro code   0x800'0ea8    0x4  startup_stm32f407xx.o [1]
  .text              ro code   0x800'0eac    0x4  startup_stm32f407xx.o [1]
  .text              ro code   0x800'0eb0    0x4  startup_stm32f407xx.o [1]
  .text              ro code   0x800'0eb4    0x4  startup_stm32f407xx.o [1]
  .text              ro code   0x800'0eb8    0x4  startup_stm32f407xx.o [1]
  .text              ro code   0x800'0ebc    0x4  startup_stm32f407xx.o [1]
  .text              ro code   0x800'0ec0    0x4  startup_stm32f407xx.o [1]
  .text              ro code   0x800'0ec4    0x4  startup_stm32f407xx.o [1]
  .text              ro code   0x800'0ec8    0x4  startup_stm32f407xx.o [1]
  .text              ro code   0x800'0ecc    0x4  startup_stm32f407xx.o [1]
  .text              ro code   0x800'0ed0    0x4  startup_stm32f407xx.o [1]
  .text              ro code   0x800'0ed4    0x4  startup_stm32f407xx.o [1]
  .text              ro code   0x800'0ed8    0x4  startup_stm32f407xx.o [1]
  .text              ro code   0x800'0edc    0x4  startup_stm32f407xx.o [1]
  .text              ro code   0x800'0ee0    0x4  startup_stm32f407xx.o [1]
  .rodata            const     0x800'0ee4    0x0  copy_init3.o [7]
                             - 0x800'0ee4  0xd5c

"P2", part 1 of 2:                          0x10
  P2-1                        0x2000'0000   0x10  <Init block>
    .data            inited   0x2000'0000    0xc  stm32f4xx_hal.o [4]
    .data            inited   0x2000'000c    0x4  system_stm32f4xx.o [3]
                            - 0x2000'0010   0x10

"P2", part 2 of 2:                         0x400
  CSTACK                      0x2000'0010  0x400  <Block>
    CSTACK           uninit   0x2000'0010  0x400  <Block tail>
                            - 0x2000'0410  0x400

Unused ranges:

         From           To      Size
         ----           --      ----
   0x800'0ee4   0x80f'ffff  0xf'f11c
  0x2000'0410  0x2001'ffff  0x1'fbf0


*******************************************************************************
*** INIT TABLE
***

          Address      Size
          -------      ----
Copy (__iar_copy_init3)
    1 source range, total size 0x10:
           0x800'0d90  0x10
    1 destination range, total size 0x10:
          0x2000'0000  0x10



*******************************************************************************
*** MODULE SUMMARY
***

    Module                  ro code  ro data  rw data
    ------                  -------  -------  -------
command line/config:
    -------------------------------------------------
    Total:

C:\Users\NivethaNagarajan\Documents\GitHub\led\EWARM\led\Obj\Application\EWARM: [1]
    startup_stm32f407xx.o       732
    -------------------------------------------------
    Total:                      732

C:\Users\NivethaNagarajan\Documents\GitHub\led\EWARM\led\Obj\Application\User\Core: [2]
    main.o                      250
    stm32f4xx_hal_msp.o          56
    stm32f4xx_it.o               20
    -------------------------------------------------
    Total:                      326

C:\Users\NivethaNagarajan\Documents\GitHub\led\EWARM\led\Obj\Drivers\CMSIS: [3]
    system_stm32f4xx.o           32        4        4
    -------------------------------------------------
    Total:                       32        4        4

C:\Users\NivethaNagarajan\Documents\GitHub\led\EWARM\led\Obj\Drivers\STM32F4xx_HAL_Driver: [4]
    stm32f4xx_hal.o             184       12       12
    stm32f4xx_hal_cortex.o      172
    stm32f4xx_hal_gpio.o        540
    stm32f4xx_hal_rcc.o       1'180
    -------------------------------------------------
    Total:                    2'076       12       12

dl7M_tln.a: [5]
    exit.o                        4
    low_level_init.o              4
    -------------------------------------------------
    Total:                        8

m7M_tls.a: [6]
    fpinit_M.o                   34
    -------------------------------------------------
    Total:                       34

rt7M_tl.a: [7]
    ABImemset.o                 102
    I64DivMod_small.o           262
    I64DivZer.o                   2
    cexit.o                      10
    cmain.o                      30
    copy_init3.o                 42
    cstartup_M.o                 28
    data_init.o                  40
    memset.o                     20
    -------------------------------------------------
    Total:                      536

shb_l.a: [8]
    exit.o                       20
    -------------------------------------------------
    Total:                       20

    Gaps                         10        2
    Linker created                        20    1'024
-----------------------------------------------------
    Grand Total:              3'774       38    1'040


*******************************************************************************
*** ENTRY LIST
***

Entry                       Address   Size  Type      Object
-----                       -------   ----  ----      ------
.iar.init_table$$Base    0x800'0cc4          --   Gb  - Linker created -
.iar.init_table$$Limit   0x800'0cd8          --   Gb  - Linker created -
?main                    0x800'0cf9         Code  Gb  cmain.o [7]
AHBPrescTable            0x800'0ce8   0x10  Data  Gb  system_stm32f4xx.o [3]
BusFault_Handler         0x800'0d63    0x2  Code  Gb  stm32f4xx_it.o [2]
CSTACK$$Base            0x2000'0010          --   Gb  - Linker created -
CSTACK$$Limit           0x2000'0410          --   Gb  - Linker created -
DebugMon_Handler         0x800'0d69    0x2  Code  Gb  stm32f4xx_it.o [2]
HAL_Delay                0x800'0b9d   0x28  Code  Wk  stm32f4xx_hal.o [4]
HAL_GPIO_Init            0x800'04b1  0x1d6  Code  Gb  stm32f4xx_hal_gpio.o [4]
HAL_GPIO_TogglePin       0x800'068f   0x10  Code  Gb  stm32f4xx_hal_gpio.o [4]
HAL_GPIO_WritePin        0x800'0687    0x8  Code  Gb  stm32f4xx_hal_gpio.o [4]
HAL_GetTick              0x800'04a5    0xc  Code  Wk  stm32f4xx_hal.o [4]
HAL_IncTick              0x800'0d71   0x10  Code  Wk  stm32f4xx_hal.o [4]
HAL_Init                 0x800'0b69   0x30  Code  Gb  stm32f4xx_hal.o [4]
HAL_InitTick             0x800'084d   0x40  Code  Wk  stm32f4xx_hal.o [4]
HAL_MspInit              0x800'0bd9   0x38  Code  Gb  stm32f4xx_hal_msp.o [2]
HAL_NVIC_SetPriority     0x800'09f1   0x3a  Code  Gb  stm32f4xx_hal_cortex.o [4]
HAL_NVIC_SetPriorityGrouping
                         0x800'09d7   0x1a  Code  Gb  stm32f4xx_hal_cortex.o [4]
HAL_RCC_ClockConfig      0x800'06cd  0x100  Code  Gb  stm32f4xx_hal_rcc.o [4]
HAL_RCC_OscConfig        0x800'0189  0x31c  Code  Wk  stm32f4xx_hal_rcc.o [4]
HAL_SYSTICK_Config       0x800'0a2d   0x28  Code  Gb  stm32f4xx_hal_cortex.o [4]
HardFault_Handler        0x800'0d5f    0x2  Code  Gb  stm32f4xx_it.o [2]
MemManage_Handler        0x800'0d61    0x2  Code  Gb  stm32f4xx_it.o [2]
NMI_Handler              0x800'0d5d    0x2  Code  Gb  stm32f4xx_it.o [2]
PendSV_Handler           0x800'0d6b    0x2  Code  Gb  stm32f4xx_it.o [2]
Region$$Table$$Base      0x800'0cc4          --   Gb  - Linker created -
Region$$Table$$Limit     0x800'0cd8          --   Gb  - Linker created -
SVC_Handler              0x800'0d67    0x2  Code  Gb  stm32f4xx_it.o [2]
SysTick_Handler          0x800'0d6d    0x4  Code  Gb  stm32f4xx_it.o [2]
SystemClock_Config       0x800'0acf   0x7c  Code  Gb  main.o [2]
SystemCoreClock         0x2000'000c    0x4  Data  Gb  system_stm32f4xx.o [3]
SystemInit               0x800'0cd9    0xc  Code  Gb  system_stm32f4xx.o [3]
UsageFault_Handler       0x800'0d65    0x2  Code  Gb  stm32f4xx_it.o [2]
__NVIC_SetPriority       0x800'09bd   0x1a  Code  Lc  stm32f4xx_hal_cortex.o [4]
__aeabi_ldiv0            0x800'0a69         Code  Gb  I64DivZer.o [7]
__aeabi_memset           0x800'0c11         Code  Gb  ABImemset.o [7]
__cmain                  0x800'0cf9         Code  Gb  cmain.o [7]
__exit                   0x800'0d2d   0x14  Code  Gb  exit.o [8]
__iar_Memset             0x800'0c11         Code  Gb  ABImemset.o [7]
__iar_Memset_word        0x800'0c19         Code  Gb  ABImemset.o [7]
__iar_copy_init3         0x800'0993   0x2a  Code  Gb  copy_init3.o [7]
__iar_data_init3         0x800'0c79   0x28  Code  Gb  data_init.o [7]
__iar_init_vfp           0x800'0ca1         Code  Gb  fpinit_M.o [6]
__iar_program_start      0x800'0d41         Code  Gb  cstartup_M.o [7]
__iar_small_uldivmod     0x800'088d         Code  Gb  I64DivMod_small.o [7]
__low_level_init         0x800'0d17    0x4  Code  Gb  low_level_init.o [5]
__vector_table           0x800'0000         Data  Gb  startup_stm32f407xx.o [1]
_call_main               0x800'0d05         Code  Gb  cmain.o [7]
_exit                    0x800'0d21         Code  Gb  cexit.o [7]
exit                     0x800'0d1b    0x4  Code  Gb  exit.o [5]
main                     0x800'0a6d   0x62  Code  Gb  main.o [2]
memset                   0x800'0bc5   0x14  Code  Gb  memset.o [7]
uwTick                  0x2000'0004    0x4  Data  Gb  stm32f4xx_hal.o [4]
uwTickFreq              0x2000'0000    0x1  Data  Gb  stm32f4xx_hal.o [4]
uwTickPrio              0x2000'0008    0x4  Data  Gb  stm32f4xx_hal.o [4]


[1] = C:\Users\NivethaNagarajan\Documents\GitHub\led\EWARM\led\Obj\Application\EWARM
[2] = C:\Users\NivethaNagarajan\Documents\GitHub\led\EWARM\led\Obj\Application\User\Core
[3] = C:\Users\NivethaNagarajan\Documents\GitHub\led\EWARM\led\Obj\Drivers\CMSIS
[4] = C:\Users\NivethaNagarajan\Documents\GitHub\led\EWARM\led\Obj\Drivers\STM32F4xx_HAL_Driver
[5] = dl7M_tln.a
[6] = m7M_tls.a
[7] = rt7M_tl.a
[8] = shb_l.a

  3'774 bytes of readonly  code memory
     38 bytes of readonly  data memory
  1'040 bytes of readwrite data memory

Errors: none
Warnings: none
