###############################################################################
#
# IAR ELF Linker V9.20.4.327/W64 for ARM                  03/Mar/2025  14:26:06
# Copyright 2007-2022 IAR Systems AB.
#
#    Output file  =
#        C:\Users\NivethaNagarajan\Documents\GitHub\led\EWARM\led\Exe\led.out
#    Map file     =
#        C:\Users\NivethaNagarajan\Documents\GitHub\led\EWARM\led\List\led.map
#    Command line =
#        -f
#        C:\Users\NivethaNagarajan\Documents\GitHub\led\EWARM\led\Exe\led.out.rsp
#        (C:\Users\NivethaNagarajan\Documents\GitHub\led\EWARM\led\Obj\Application\User\Core\main.o
#        C:\Users\NivethaNagarajan\Documents\GitHub\led\EWARM\led\Obj\Application\EWARM\startup_stm32f407xx.o
#        C:\Users\NivethaNagarajan\Documents\GitHub\led\EWARM\led\Obj\Drivers\STM32F4xx_HAL_Driver\stm32f4xx_hal.o
#        C:\Users\NivethaNagarajan\Documents\GitHub\led\EWARM\led\Obj\Drivers\STM32F4xx_HAL_Driver\stm32f4xx_hal_cortex.o
#        C:\Users\NivethaNagarajan\Documents\GitHub\led\EWARM\led\Obj\Drivers\STM32F4xx_HAL_Driver\stm32f4xx_hal_dma.o
#        C:\Users\NivethaNagarajan\Documents\GitHub\led\EWARM\led\Obj\Drivers\STM32F4xx_HAL_Driver\stm32f4xx_hal_dma_ex.o
#        C:\Users\NivethaNagarajan\Documents\GitHub\led\EWARM\led\Obj\Drivers\STM32F4xx_HAL_Driver\stm32f4xx_hal_exti.o
#        C:\Users\NivethaNagarajan\Documents\GitHub\led\EWARM\led\Obj\Drivers\STM32F4xx_HAL_Driver\stm32f4xx_hal_flash.o
#        C:\Users\NivethaNagarajan\Documents\GitHub\led\EWARM\led\Obj\Drivers\STM32F4xx_HAL_Driver\stm32f4xx_hal_flash_ex.o
#        C:\Users\NivethaNagarajan\Documents\GitHub\led\EWARM\led\Obj\Drivers\STM32F4xx_HAL_Driver\stm32f4xx_hal_flash_ramfunc.o
#        C:\Users\NivethaNagarajan\Documents\GitHub\led\EWARM\led\Obj\Drivers\STM32F4xx_HAL_Driver\stm32f4xx_hal_gpio.o
#        C:\Users\NivethaNagarajan\Documents\GitHub\led\EWARM\led\Obj\Application\User\Core\stm32f4xx_hal_msp.o
#        C:\Users\NivethaNagarajan\Documents\GitHub\led\EWARM\led\Obj\Drivers\STM32F4xx_HAL_Driver\stm32f4xx_hal_pwr.o
#        C:\Users\NivethaNagarajan\Documents\GitHub\led\EWARM\led\Obj\Drivers\STM32F4xx_HAL_Driver\stm32f4xx_hal_pwr_ex.o
#        C:\Users\NivethaNagarajan\Documents\GitHub\led\EWARM\led\Obj\Drivers\STM32F4xx_HAL_Driver\stm32f4xx_hal_rcc.o
#        C:\Users\NivethaNagarajan\Documents\GitHub\led\EWARM\led\Obj\Drivers\STM32F4xx_HAL_Driver\stm32f4xx_hal_rcc_ex.o
#        C:\Users\NivethaNagarajan\Documents\GitHub\led\EWARM\led\Obj\Drivers\STM32F4xx_HAL_Driver\stm32f4xx_hal_uart.o
#        C:\Users\NivethaNagarajan\Documents\GitHub\led\EWARM\led\Obj\Application\User\Core\stm32f4xx_it.o
#        C:\Users\NivethaNagarajan\Documents\GitHub\led\EWARM\led\Obj\Drivers\CMSIS\system_stm32f4xx.o
#        --no_out_extension -o
#        C:\Users\NivethaNagarajan\Documents\GitHub\led\EWARM\led\Exe\led.out
#        --redirect _Printf=_PrintfFullNoMb --redirect _Scanf=_ScanfFullNoMb
#        --map
#        C:\Users\NivethaNagarajan\Documents\GitHub\led\EWARM\led\List\led.map
#        --config
#        C:\Users\NivethaNagarajan\Documents\GitHub\led\EWARM/stm32f407xx_flash.icf
#        --semihosting --entry __iar_program_start --vfe --text_out locale)
#
###############################################################################

*******************************************************************************
*** RUNTIME MODEL ATTRIBUTES
***

CppFlavor       = *
__CPP_Runtime   = 1
__SystemLibrary = DLib
__dlib_version  = 6


*******************************************************************************
*** HEAP SELECTION
***

The basic heap was selected because no calls to memory allocation
functions were found in the application outside of system library
functions, and there are calls to deallocation functions in the
application.


*******************************************************************************
*** PLACEMENT SUMMARY
***

"A0":  place at address 0x800'0000 { ro section .intvec };
"P1":  place in [from 0x800'0000 to 0x80f'ffff] { ro };
define block CSTACK with size = 1K, alignment = 8 { };
define block HEAP with size = 512, alignment = 8 { };
"P2":  place in [from 0x2000'0000 to 0x2001'ffff] {
          rw, block CSTACK, block HEAP };
initialize by copy { rw };

  Section            Kind         Address    Size  Object
  -------            ----         -------    ----  ------
"A0":                                       0x188
  .intvec            ro code   0x800'0000   0x188  startup_stm32f407xx.o [1]
                             - 0x800'0188   0x188

"P1":                                      0x160a
  .text              ro code   0x800'0188   0x69c  stm32f4xx_hal_uart.o [4]
  .text              ro code   0x800'0824    0xb8  stm32f4xx_hal_msp.o [2]
  .text              ro code   0x800'08dc     0xc  stm32f4xx_hal.o [4]
  .text              ro code   0x800'08e8    0xc2  stm32f4xx_hal_dma.o [4]
  .text              ro code   0x800'09aa     0x2  stm32f4xx_hal_uart.o [4]
  .text              ro code   0x800'09ac     0x2  stm32f4xx_hal_uart.o [4]
  .text              ro code   0x800'09ae     0x2  stm32f4xx_hal_uart.o [4]
  .text              ro code   0x800'09b0     0x2  stm32f4xx_hal_uart.o [4]
  .text              ro code   0x800'09b2    0x3a  packbits_init_single.o [7]
  .text              ro code   0x800'09ec   0x14c  stm32f4xx_hal_rcc.o [4]
  .text              ro code   0x800'0b38   0x106  I64DivMod_small.o [7]
  .text              ro code   0x800'0c3e    0x14  memset.o [7]
  .text              ro code   0x800'0c54   0x21c  stm32f4xx_hal_gpio.o [4]
  .text              ro code   0x800'0e70    0xc8  stm32f4xx_hal_cortex.o [4]
  .text              ro code   0x800'0f38    0x60  stm32f4xx_hal_rcc.o [4]
  .text              ro code   0x800'0f98    0x40  stm32f4xx_hal.o [4]
  .text              ro code   0x800'0fd8     0x2  I64DivZer.o [7]
  .text              ro code   0x800'0fdc    0x66  ABImemset.o [7]
  .text              ro code   0x800'1044   0x31c  stm32f4xx_hal_rcc.o [4]
  .text              ro code   0x800'1360   0x14e  main.o [2]
  .text              ro code   0x800'14b0    0x34  stm32f4xx_hal.o [4]
  .text              ro code   0x800'14e4    0x28  stm32f4xx_hal.o [4]
  .text              ro code   0x800'150c    0x28  data_init.o [7]
  .text              ro code   0x800'1534    0x22  fpinit_M.o [6]
  .iar.init_table    const     0x800'1558    0x10  - Linker created -
  .text              ro code   0x800'1568    0x20  stm32f4xx_it.o [2]
  .text              ro code   0x800'1588    0x10  stm32f4xx_hal.o [4]
  .text              ro code   0x800'1598    0x20  system_stm32f4xx.o [3]
  .text              ro code   0x800'15b8    0x1e  cmain.o [7]
  .text              ro code   0x800'15d6     0x4  low_level_init.o [5]
  .text              ro code   0x800'15da     0x4  exit.o [5]
  .text              ro code   0x800'15e0     0xa  cexit.o [7]
  .text              ro code   0x800'15ec    0x14  exit.o [8]
  .text              ro code   0x800'1600    0x1c  cstartup_M.o [7]
  .text              ro code   0x800'161c    0x10  startup_stm32f407xx.o [1]
  .rodata            const     0x800'162c     0x8  system_stm32f4xx.o [3]
  .text              ro code   0x800'1634     0x4  startup_stm32f407xx.o [1]
  .text              ro code   0x800'1638     0x4  startup_stm32f407xx.o [1]
  .text              ro code   0x800'163c     0x4  startup_stm32f407xx.o [1]
  .text              ro code   0x800'1640     0x4  startup_stm32f407xx.o [1]
  .text              ro code   0x800'1644     0x4  startup_stm32f407xx.o [1]
  .text              ro code   0x800'1648     0x4  startup_stm32f407xx.o [1]
  .text              ro code   0x800'164c     0x4  startup_stm32f407xx.o [1]
  .text              ro code   0x800'1650     0x4  startup_stm32f407xx.o [1]
  .text              ro code   0x800'1654     0x4  startup_stm32f407xx.o [1]
  .text              ro code   0x800'1658     0x4  startup_stm32f407xx.o [1]
  .text              ro code   0x800'165c     0x4  startup_stm32f407xx.o [1]
  .text              ro code   0x800'1660     0x4  startup_stm32f407xx.o [1]
  .text              ro code   0x800'1664     0x4  startup_stm32f407xx.o [1]
  .text              ro code   0x800'1668     0x4  startup_stm32f407xx.o [1]
  .text              ro code   0x800'166c     0x4  startup_stm32f407xx.o [1]
  .text              ro code   0x800'1670     0x4  startup_stm32f407xx.o [1]
  .text              ro code   0x800'1674     0x4  startup_stm32f407xx.o [1]
  .text              ro code   0x800'1678     0x4  startup_stm32f407xx.o [1]
  .text              ro code   0x800'167c     0x4  startup_stm32f407xx.o [1]
  .text              ro code   0x800'1680     0x4  startup_stm32f407xx.o [1]
  .text              ro code   0x800'1684     0x4  startup_stm32f407xx.o [1]
  .text              ro code   0x800'1688     0x4  startup_stm32f407xx.o [1]
  .text              ro code   0x800'168c     0x4  startup_stm32f407xx.o [1]
  .text              ro code   0x800'1690     0x4  startup_stm32f407xx.o [1]
  .text              ro code   0x800'1694     0x4  startup_stm32f407xx.o [1]
  .text              ro code   0x800'1698     0x4  startup_stm32f407xx.o [1]
  .text              ro code   0x800'169c     0x4  startup_stm32f407xx.o [1]
  .text              ro code   0x800'16a0     0x4  startup_stm32f407xx.o [1]
  .text              ro code   0x800'16a4     0x4  startup_stm32f407xx.o [1]
  .text              ro code   0x800'16a8     0x4  startup_stm32f407xx.o [1]
  .text              ro code   0x800'16ac     0x4  startup_stm32f407xx.o [1]
  .text              ro code   0x800'16b0     0x4  startup_stm32f407xx.o [1]
  .text              ro code   0x800'16b4     0x4  startup_stm32f407xx.o [1]
  .text              ro code   0x800'16b8     0x4  startup_stm32f407xx.o [1]
  .text              ro code   0x800'16bc     0x4  startup_stm32f407xx.o [1]
  .text              ro code   0x800'16c0     0x4  startup_stm32f407xx.o [1]
  .text              ro code   0x800'16c4     0x4  startup_stm32f407xx.o [1]
  .text              ro code   0x800'16c8     0x4  startup_stm32f407xx.o [1]
  .text              ro code   0x800'16cc     0x4  startup_stm32f407xx.o [1]
  .text              ro code   0x800'16d0     0x4  startup_stm32f407xx.o [1]
  .text              ro code   0x800'16d4     0x4  startup_stm32f407xx.o [1]
  .text              ro code   0x800'16d8     0x4  startup_stm32f407xx.o [1]
  .text              ro code   0x800'16dc     0x4  startup_stm32f407xx.o [1]
  .text              ro code   0x800'16e0     0x4  startup_stm32f407xx.o [1]
  .text              ro code   0x800'16e4     0x4  startup_stm32f407xx.o [1]
  .text              ro code   0x800'16e8     0x4  startup_stm32f407xx.o [1]
  .text              ro code   0x800'16ec     0x4  startup_stm32f407xx.o [1]
  .text              ro code   0x800'16f0     0x4  startup_stm32f407xx.o [1]
  .text              ro code   0x800'16f4     0x4  startup_stm32f407xx.o [1]
  .text              ro code   0x800'16f8     0x4  startup_stm32f407xx.o [1]
  .text              ro code   0x800'16fc     0x4  startup_stm32f407xx.o [1]
  .text              ro code   0x800'1700     0x4  startup_stm32f407xx.o [1]
  .text              ro code   0x800'1704     0x4  startup_stm32f407xx.o [1]
  .text              ro code   0x800'1708     0x4  startup_stm32f407xx.o [1]
  .text              ro code   0x800'170c     0x4  startup_stm32f407xx.o [1]
  .text              ro code   0x800'1710     0x4  startup_stm32f407xx.o [1]
  .text              ro code   0x800'1714     0x4  startup_stm32f407xx.o [1]
  .text              ro code   0x800'1718     0x4  startup_stm32f407xx.o [1]
  .text              ro code   0x800'171c     0x4  startup_stm32f407xx.o [1]
  .text              ro code   0x800'1720     0x4  startup_stm32f407xx.o [1]
  .text              ro code   0x800'1724     0x4  startup_stm32f407xx.o [1]
  .text              ro code   0x800'1728     0x4  startup_stm32f407xx.o [1]
  .text              ro code   0x800'172c     0x4  startup_stm32f407xx.o [1]
  .text              ro code   0x800'1730     0x4  startup_stm32f407xx.o [1]
  .text              ro code   0x800'1734     0x4  startup_stm32f407xx.o [1]
  .text              ro code   0x800'1738     0x4  startup_stm32f407xx.o [1]
  .text              ro code   0x800'173c     0x4  startup_stm32f407xx.o [1]
  .text              ro code   0x800'1740     0x4  startup_stm32f407xx.o [1]
  .text              ro code   0x800'1744     0x4  startup_stm32f407xx.o [1]
  .text              ro code   0x800'1748     0x4  startup_stm32f407xx.o [1]
  .text              ro code   0x800'174c     0x4  startup_stm32f407xx.o [1]
  .text              ro code   0x800'1750     0x4  startup_stm32f407xx.o [1]
  .text              ro code   0x800'1754     0x4  startup_stm32f407xx.o [1]
  .text              ro code   0x800'1758     0x4  startup_stm32f407xx.o [1]
  .text              ro code   0x800'175c     0x4  startup_stm32f407xx.o [1]
  .text              ro code   0x800'1760     0x4  startup_stm32f407xx.o [1]
  .text              ro code   0x800'1764     0x4  startup_stm32f407xx.o [1]
  .text              ro code   0x800'1768     0x4  startup_stm32f407xx.o [1]
  .text              ro code   0x800'176c     0x4  startup_stm32f407xx.o [1]
  .text              ro code   0x800'1770     0x4  startup_stm32f407xx.o [1]
  .rodata            const     0x800'1774     0x0  packbits_init_single.o [7]
  Initializer bytes  const     0x800'1774    0x1e  <for P2-1>
                             - 0x800'1792  0x160a

"P2", part 1 of 2:                           0x68
  P2-1                        0x2000'0000    0x68  <Init block>
    .data            inited   0x2000'0000    0x58  main.o [2]
    .data            inited   0x2000'0058     0xc  stm32f4xx_hal.o [4]
    .data            inited   0x2000'0064     0x4  system_stm32f4xx.o [3]
                            - 0x2000'0068    0x68

"P2", part 2 of 2:                          0x400
  CSTACK                      0x2000'0068   0x400  <Block>
    CSTACK           uninit   0x2000'0068   0x400  <Block tail>
                            - 0x2000'0468   0x400

Unused ranges:

         From           To      Size
         ----           --      ----
   0x800'1792   0x80f'ffff  0xf'e86e
  0x2000'0468  0x2001'ffff  0x1'fb98


*******************************************************************************
*** INIT TABLE
***

          Address      Size
          -------      ----
Copy/packbits (__iar_packbits_init_single3)
    1 source range, total size 0x1e (28% of destination):
           0x800'1774  0x1e
    1 destination range, total size 0x68:
          0x2000'0000  0x68



*******************************************************************************
*** MODULE SUMMARY
***

    Module                  ro code  ro data  rw data
    ------                  -------  -------  -------
command line/config:
    -------------------------------------------------
    Total:

C:\Users\NivethaNagarajan\Documents\GitHub\led\EWARM\led\Obj\Application\EWARM: [1]
    startup_stm32f407xx.o       728
    -------------------------------------------------
    Total:                      728

C:\Users\NivethaNagarajan\Documents\GitHub\led\EWARM\led\Obj\Application\User\Core: [2]
    main.o                      334       25       88
    stm32f4xx_hal_msp.o         184
    stm32f4xx_it.o               32
    -------------------------------------------------
    Total:                      550       25       88

C:\Users\NivethaNagarajan\Documents\GitHub\led\EWARM\led\Obj\Drivers\CMSIS: [3]
    system_stm32f4xx.o           32        9        4
    -------------------------------------------------
    Total:                       32        9        4

C:\Users\NivethaNagarajan\Documents\GitHub\led\EWARM\led\Obj\Drivers\STM32F4xx_HAL_Driver: [4]
    stm32f4xx_hal.o             184        3       12
    stm32f4xx_hal_cortex.o      200
    stm32f4xx_hal_dma.o         194
    stm32f4xx_hal_gpio.o        540
    stm32f4xx_hal_rcc.o       1'224
    stm32f4xx_hal_uart.o      1'700
    -------------------------------------------------
    Total:                    4'042        3       12

dl7M_tln.a: [5]
    exit.o                        4
    low_level_init.o              4
    -------------------------------------------------
    Total:                        8

m7M_tls.a: [6]
    fpinit_M.o                   34
    -------------------------------------------------
    Total:                       34

rt7M_tl.a: [7]
    ABImemset.o                 102
    I64DivMod_small.o           262
    I64DivZer.o                   2
    cexit.o                      10
    cmain.o                      30
    cstartup_M.o                 28
    data_init.o                  40
    memset.o                     20
    packbits_init_single.o       58
    -------------------------------------------------
    Total:                      552

shb_l.a: [8]
    exit.o                       20
    -------------------------------------------------
    Total:                       20

    Gaps                         12        2
    Linker created                        17    1'024
-----------------------------------------------------
    Grand Total:              5'978       56    1'128


*******************************************************************************
*** ENTRY LIST
***

Entry                       Address   Size  Type      Object
-----                       -------   ----  ----      ------
.iar.init_table$$Base    0x800'1558          --   Gb  - Linker created -
.iar.init_table$$Limit   0x800'1568          --   Gb  - Linker created -
?main                    0x800'15b9         Code  Gb  cmain.o [7]
AHBPrescTable            0x800'15a8   0x10  Data  Gb  system_stm32f4xx.o [3]
APBPrescTable            0x800'162c    0x8  Data  Gb  system_stm32f4xx.o [3]
BusFault_Handler         0x800'156f    0x2  Code  Gb  stm32f4xx_it.o [2]
CSTACK$$Base            0x2000'0068          --   Gb  - Linker created -
CSTACK$$Limit           0x2000'0468          --   Gb  - Linker created -
DebugMon_Handler         0x800'1575    0x2  Code  Gb  stm32f4xx_it.o [2]
Error_Handler            0x800'14ab    0x4  Code  Gb  main.o [2]
HAL_DMA_Abort            0x800'08e9   0x78  Code  Gb  stm32f4xx_hal_dma.o [4]
HAL_DMA_Abort_IT         0x800'0961   0x24  Code  Gb  stm32f4xx_hal_dma.o [4]
HAL_Delay                0x800'14e5   0x28  Code  Wk  stm32f4xx_hal.o [4]
HAL_GPIO_Init            0x800'0c55  0x1d6  Code  Gb  stm32f4xx_hal_gpio.o [4]
HAL_GPIO_TogglePin       0x800'0e33   0x10  Code  Gb  stm32f4xx_hal_gpio.o [4]
HAL_GPIO_WritePin        0x800'0e2b    0x8  Code  Gb  stm32f4xx_hal_gpio.o [4]
HAL_GetTick              0x800'08dd    0xc  Code  Wk  stm32f4xx_hal.o [4]
HAL_IncTick              0x800'1589   0x10  Code  Wk  stm32f4xx_hal.o [4]
HAL_Init                 0x800'14b1   0x30  Code  Gb  stm32f4xx_hal.o [4]
HAL_InitTick             0x800'0f99   0x40  Code  Wk  stm32f4xx_hal.o [4]
HAL_MspInit              0x800'0825   0x34  Code  Gb  stm32f4xx_hal_msp.o [2]
HAL_NVIC_EnableIRQ       0x800'0ee1   0x16  Code  Gb  stm32f4xx_hal_cortex.o [4]
HAL_NVIC_SetPriority     0x800'0ea5   0x3a  Code  Gb  stm32f4xx_hal_cortex.o [4]
HAL_NVIC_SetPriorityGrouping
                         0x800'0e8b   0x1a  Code  Gb  stm32f4xx_hal_cortex.o [4]
HAL_RCC_ClockConfig      0x800'09ed  0x100  Code  Gb  stm32f4xx_hal_rcc.o [4]
HAL_RCC_GetPCLK1Freq     0x800'0af9   0x10  Code  Gb  stm32f4xx_hal_rcc.o [4]
HAL_RCC_GetPCLK2Freq     0x800'0b09    0xe  Code  Gb  stm32f4xx_hal_rcc.o [4]
HAL_RCC_OscConfig        0x800'1045  0x31c  Code  Wk  stm32f4xx_hal_rcc.o [4]
HAL_SYSTICK_Config       0x800'0ef7   0x28  Code  Gb  stm32f4xx_hal_cortex.o [4]
HAL_UART_IRQHandler      0x800'02c7  0x290  Code  Gb  stm32f4xx_hal_uart.o [4]
HAL_UART_Init            0x800'0189   0x1e  Code  Gb  stm32f4xx_hal_uart.o [4]
HAL_UART_MspInit         0x800'0859   0x74  Code  Gb  stm32f4xx_hal_msp.o [2]
HAL_UART_Transmit        0x800'0207   0x9c  Code  Gb  stm32f4xx_hal_uart.o [4]
HardFault_Handler        0x800'156b    0x2  Code  Gb  stm32f4xx_it.o [2]
MemManage_Handler        0x800'156d    0x2  Code  Gb  stm32f4xx_it.o [2]
NMI_Handler              0x800'1569    0x2  Code  Gb  stm32f4xx_it.o [2]
PendSV_Handler           0x800'1577    0x2  Code  Gb  stm32f4xx_it.o [2]
Region$$Table$$Base      0x800'1558          --   Gb  - Linker created -
Region$$Table$$Limit     0x800'1568          --   Gb  - Linker created -
SVC_Handler              0x800'1573    0x2  Code  Gb  stm32f4xx_it.o [2]
SysTick_Handler          0x800'1579    0x4  Code  Gb  stm32f4xx_it.o [2]
SystemClock_Config       0x800'140d   0x7c  Code  Gb  main.o [2]
SystemCoreClock         0x2000'0064    0x4  Data  Gb  system_stm32f4xx.o [3]
SystemInit               0x800'1599    0xc  Code  Gb  system_stm32f4xx.o [3]
UART_DMAAbortOnError     0x800'0679    0xe  Code  Lc  stm32f4xx_hal_uart.o [4]
UART_EndRxTransfer       0x800'0635   0x36  Code  Lc  stm32f4xx_hal_uart.o [4]
UART_Receive_IT          0x800'0689   0xb4  Code  Lc  stm32f4xx_hal_uart.o [4]
UART_SetConfig           0x800'0759   0xb0  Code  Lc  stm32f4xx_hal_uart.o [4]
UART_WaitOnFlagUntilTimeout
                         0x800'059f   0x7a  Code  Lc  stm32f4xx_hal_uart.o [4]
USART2_IRQHandler        0x800'157d    0x6  Code  Gb  stm32f4xx_it.o [2]
UsageFault_Handler       0x800'1571    0x2  Code  Gb  stm32f4xx_it.o [2]
__NVIC_SetPriority       0x800'0e71   0x1a  Code  Lc  stm32f4xx_hal_cortex.o [4]
__aeabi_ldiv0            0x800'0fd9         Code  Gb  I64DivZer.o [7]
__aeabi_memset           0x800'0fdd         Code  Gb  ABImemset.o [7]
__cmain                  0x800'15b9         Code  Gb  cmain.o [7]
__exit                   0x800'15ed   0x14  Code  Gb  exit.o [8]
__iar_Memset             0x800'0fdd         Code  Gb  ABImemset.o [7]
__iar_Memset_word        0x800'0fe5         Code  Gb  ABImemset.o [7]
__iar_data_init3         0x800'150d   0x28  Code  Gb  data_init.o [7]
__iar_init_vfp           0x800'1535         Code  Gb  fpinit_M.o [6]
__iar_packbits_init_single3
                         0x800'09b3   0x3a  Code  Gb  packbits_init_single.o [7]
__iar_program_start      0x800'1601         Code  Gb  cstartup_M.o [7]
__iar_small_uldivmod     0x800'0b39         Code  Gb  I64DivMod_small.o [7]
__low_level_init         0x800'15d7    0x4  Code  Gb  low_level_init.o [5]
__vector_table           0x800'0000         Data  Gb  startup_stm32f407xx.o [1]
_call_main               0x800'15c5         Code  Gb  cmain.o [7]
_exit                    0x800'15e1         Code  Gb  cexit.o [7]
data                    0x2000'0048   0x10  Data  Gb  main.o [2]
exit                     0x800'15db    0x4  Code  Gb  exit.o [5]
huart2                  0x2000'0000   0x48  Data  Gb  main.o [2]
main                     0x800'1361   0xac  Code  Gb  main.o [2]
memset                   0x800'0c3f   0x14  Code  Gb  memset.o [7]
uwTick                  0x2000'005c    0x4  Data  Gb  stm32f4xx_hal.o [4]
uwTickFreq              0x2000'0058    0x1  Data  Gb  stm32f4xx_hal.o [4]
uwTickPrio              0x2000'0060    0x4  Data  Gb  stm32f4xx_hal.o [4]


[1] = C:\Users\NivethaNagarajan\Documents\GitHub\led\EWARM\led\Obj\Application\EWARM
[2] = C:\Users\NivethaNagarajan\Documents\GitHub\led\EWARM\led\Obj\Application\User\Core
[3] = C:\Users\NivethaNagarajan\Documents\GitHub\led\EWARM\led\Obj\Drivers\CMSIS
[4] = C:\Users\NivethaNagarajan\Documents\GitHub\led\EWARM\led\Obj\Drivers\STM32F4xx_HAL_Driver
[5] = dl7M_tln.a
[6] = m7M_tls.a
[7] = rt7M_tl.a
[8] = shb_l.a

  5'978 bytes of readonly  code memory
     56 bytes of readonly  data memory
  1'128 bytes of readwrite data memory

Errors: none
Warnings: none
